[    0.000000] Initializing cgroup subsys cpuset
[    0.000000] Initializing cgroup subsys cpu
[    0.000000] Initializing cgroup subsys cpuacct
[    0.000000] Linux version 4.4.0-203-generic (buildd@lcy01-amd64-027) (gcc version 5.4.0 20160609 (Ubuntu 5.4.0-6ubuntu1~16.04.12) ) #235-Ubuntu SMP Tue Feb 2 02:49:08 UTC 2021 (Ubuntu 4.4.0-203.235-generic 4.4.249)
[    0.000000] Command line: BOOT_IMAGE=/boot/vmlinuz-4.4.0-203-generic root=LABEL=cloudimg-rootfs ro console=tty1 console=ttyS0
[    0.000000] KERNEL supported cpus:
[    0.000000]   Intel GenuineIntel
[    0.000000]   AMD AuthenticAMD
[    0.000000]   Centaur CentaurHauls
[    0.000000] x86/fpu: xstate_offset[2]:  576, xstate_sizes[2]:  256
[    0.000000] x86/fpu: Supporting XSAVE feature 0x01: 'x87 floating point registers'
[    0.000000] x86/fpu: Supporting XSAVE feature 0x02: 'SSE registers'
[    0.000000] x86/fpu: Supporting XSAVE feature 0x04: 'AVX registers'
[    0.000000] x86/fpu: Enabled xstate features 0x7, context size is 832 bytes, using 'standard' format.
[    0.000000] e820: BIOS-provided physical RAM map:
[    0.000000] BIOS-e820: [mem 0x0000000000000000-0x000000000009fbff] usable
[    0.000000] BIOS-e820: [mem 0x000000000009fc00-0x000000000009ffff] reserved
[    0.000000] BIOS-e820: [mem 0x00000000000f0000-0x00000000000fffff] reserved
[    0.000000] BIOS-e820: [mem 0x0000000000100000-0x000000003ffeffff] usable
[    0.000000] BIOS-e820: [mem 0x000000003fff0000-0x000000003fffffff] ACPI data
[    0.000000] BIOS-e820: [mem 0x00000000fec00000-0x00000000fec00fff] reserved
[    0.000000] BIOS-e820: [mem 0x00000000fee00000-0x00000000fee00fff] reserved
[    0.000000] BIOS-e820: [mem 0x00000000fffc0000-0x00000000ffffffff] reserved
[    0.000000] NX (Execute Disable) protection: active
[    0.000000] SMBIOS 2.5 present.
[    0.000000] Hypervisor detected: KVM
[    0.000000] e820: last_pfn = 0x3fff0 max_arch_pfn = 0x400000000
[    0.000000] MTRR: Disabled
[    0.000000] x86/PAT: MTRRs disabled, skipping PAT initialization too.
[    0.000000] CPU MTRRs all blank - virtualized system.
[    0.000000] x86/PAT: Configuration [0-7]: WB  WT  UC- UC  WB  WT  UC- UC  
[    0.000000] found SMP MP-table at [mem 0x0009fff0-0x0009ffff] mapped at [ffff88000009fff0]
[    0.000000] Scanning 1 areas for low memory corruption
[    0.000000] RAMDISK: [mem 0x362dc000-0x37165fff]
[    0.000000] ACPI: Early table checksum verification disabled
[    0.000000] ACPI: RSDP 0x00000000000E0000 000024 (v02 VBOX  )
[    0.000000] ACPI: XSDT 0x000000003FFF0030 00003C (v01 VBOX   VBOXXSDT 00000001 ASL  00000061)
[    0.000000] ACPI: FACP 0x000000003FFF00F0 0000F4 (v04 VBOX   VBOXFACP 00000001 ASL  00000061)
[    0.000000] ACPI: DSDT 0x000000003FFF0470 002325 (v02 VBOX   VBOXBIOS 00000002 INTL 20200925)
[    0.000000] ACPI: FACS 0x000000003FFF0200 000040
[    0.000000] ACPI: FACS 0x000000003FFF0200 000040
[    0.000000] ACPI: APIC 0x000000003FFF0240 00005C (v02 VBOX   VBOXAPIC 00000001 ASL  00000061)
[    0.000000] ACPI: SSDT 0x000000003FFF02A0 0001CC (v01 VBOX   VBOXCPUT 00000002 INTL 20200925)
[    0.000000] No NUMA configuration found
[    0.000000] Faking a node at [mem 0x0000000000000000-0x000000003ffeffff]
[    0.000000] NODE_DATA(0) allocated [mem 0x3ffeb000-0x3ffeffff]
[    0.000000] kvm-clock: Using msrs 4b564d01 and 4b564d00
[    0.000000] kvm-clock: cpu 0, msr 0:3ffe3001, primary cpu clock
[    0.000000] kvm-clock: using sched offset of 5771561315 cycles
[    0.000000] clocksource: kvm-clock: mask: 0xffffffffffffffff max_cycles: 0x1cd42e4dffb, max_idle_ns: 881590591483 ns
[    0.000000] Zone ranges:
[    0.000000]   DMA      [mem 0x0000000000001000-0x0000000000ffffff]
[    0.000000]   DMA32    [mem 0x0000000001000000-0x000000003ffeffff]
[    0.000000]   Normal   empty
[    0.000000]   Device   empty
[    0.000000] Movable zone start for each node
[    0.000000] Early memory node ranges
[    0.000000]   node   0: [mem 0x0000000000001000-0x000000000009efff]
[    0.000000]   node   0: [mem 0x0000000000100000-0x000000003ffeffff]
[    0.000000] Initmem setup node 0 [mem 0x0000000000001000-0x000000003ffeffff]
[    0.000000] ACPI: PM-Timer IO Port: 0x4008
[    0.000000] IOAPIC[0]: apic_id 2, version 32, address 0xfec00000, GSI 0-23
[    0.000000] ACPI: INT_SRC_OVR (bus 0 bus_irq 0 global_irq 2 dfl dfl)
[    0.000000] ACPI: INT_SRC_OVR (bus 0 bus_irq 9 global_irq 9 low level)
[    0.000000] Using ACPI (MADT) for SMP configuration information
[    0.000000] smpboot: Allowing 2 CPUs, 0 hotplug CPUs
[    0.000000] PM: Registered nosave memory: [mem 0x00000000-0x00000fff]
[    0.000000] PM: Registered nosave memory: [mem 0x0009f000-0x0009ffff]
[    0.000000] PM: Registered nosave memory: [mem 0x000a0000-0x000effff]
[    0.000000] PM: Registered nosave memory: [mem 0x000f0000-0x000fffff]
[    0.000000] e820: [mem 0x40000000-0xfebfffff] available for PCI devices
[    0.000000] Booting paravirtualized kernel on KVM
[    0.000000] clocksource: refined-jiffies: mask: 0xffffffff max_cycles: 0xffffffff, max_idle_ns: 7645519600211568 ns
[    0.000000] setup_percpu: NR_CPUS:512 nr_cpumask_bits:512 nr_cpu_ids:2 nr_node_ids:1
[    0.000000] PERCPU: Embedded 33 pages/cpu @ffff88003fc00000 s95640 r8192 d31336 u1048576
[    0.000000] Built 1 zonelists in Node order, mobility grouping on.  Total pages: 257912
[    0.000000] Policy zone: DMA32
[    0.000000] Kernel command line: BOOT_IMAGE=/boot/vmlinuz-4.4.0-203-generic root=LABEL=cloudimg-rootfs ro console=tty1 console=ttyS0
[    0.000000] PID hash table entries: 4096 (order: 3, 32768 bytes)
[    0.000000] Memory: 997652K/1048120K available (8641K kernel code, 1337K rwdata, 4044K rodata, 1496K init, 1296K bss, 50468K reserved, 0K cma-reserved)
[    0.000000] SLUB: HWalign=64, Order=0-3, MinObjects=0, CPUs=2, Nodes=1
[    0.000000] Kernel/User page tables isolation: enabled
[    0.000000] Hierarchical RCU implementation.
[    0.000000] 	Build-time adjustment of leaf fanout to 64.
[    0.000000] 	RCU restricting CPUs from NR_CPUS=512 to nr_cpu_ids=2.
[    0.000000] RCU: Adjusting geometry for rcu_fanout_leaf=64, nr_cpu_ids=2
[    0.000000] NR_IRQS:33024 nr_irqs:440 16
[    0.000000] Console: colour VGA+ 80x25
[    0.000000] console [tty1] enabled
[    0.000000] console [ttyS0] enabled
[    0.000000] tsc: Detected 1795.918 MHz processor
[    0.706111] Calibrating delay loop (skipped) preset value.. 3591.83 BogoMIPS (lpj=7183672)
[    0.716255] pid_max: default: 32768 minimum: 301
[    0.721224] ACPI: Core revision 20150930
[    0.729020] ACPI: 2 ACPI AML tables successfully acquired and loaded
[    0.734341] Security Framework initialized
[    0.739342] Yama: becoming mindful.
[    0.741498] AppArmor: AppArmor initialized
[    0.744605] Dentry cache hash table entries: 131072 (order: 8, 1048576 bytes)
[    0.754475] Inode-cache hash table entries: 65536 (order: 7, 524288 bytes)
[    0.760837] Mount-cache hash table entries: 2048 (order: 2, 16384 bytes)
[    0.765744] Mountpoint-cache hash table entries: 2048 (order: 2, 16384 bytes)
[    0.772393] Initializing cgroup subsys io
[    0.774774] Initializing cgroup subsys memory
[    0.779266] Initializing cgroup subsys devices
[    0.782411] Initializing cgroup subsys freezer
[    0.788913] Initializing cgroup subsys net_cls
[    0.791890] Initializing cgroup subsys perf_event
[    0.794928] Initializing cgroup subsys net_prio
[    0.797580] Initializing cgroup subsys hugetlb
[    0.805386] Initializing cgroup subsys pids
[    0.808808] mce: CPU supports 0 MCE banks
[    0.812223] Last level iTLB entries: 4KB 512, 2MB 8, 4MB 8
[    0.816056] Last level dTLB entries: 4KB 512, 2MB 32, 4MB 32, 1GB 0
[    0.821141] Spectre V1 : Mitigation: usercopy/swapgs barriers and __user pointer sanitization
[    0.829344] Spectre V2 : Mitigation: Full generic retpoline
[    0.835876] Spectre V2 : Spectre v2 / SpectreRSB mitigation: Filling RSB on context switch
[    0.844304] Speculative Store Bypass: Vulnerable
[    0.847433] MDS: Mitigation: Clear CPU buffers
[    0.857101] Freeing SMP alternatives memory: 36K
[    0.878824] ftrace: allocating 32366 entries in 127 pages
[    1.039125] smpboot: APIC(0) Converting physical 0 to logical package 0
[    1.042629] smpboot: Max logical packages: 1
[    1.045792] x2apic enabled
[    1.048442] Switched APIC routing to physical x2apic.
[    1.054041] ..TIMER: vector=0x30 apic1=0 pin1=2 apic2=-1 pin2=-1
[    1.172189] smpboot: CPU0: Intel(R) Core(TM) i3-3217U CPU @ 1.80GHz (family: 0x6, model: 0x3a, stepping: 0x9)
[    1.182909] Performance Events: unsupported p6 CPU model 58 no PMU driver, software events only.
[    1.218684] KVM setup paravirtual spinlock
[    1.225908] x86: Booting SMP configuration:
[    1.229476] .... node  #0, CPUs:      #1
[    1.241690] kvm-clock: cpu 1, msr 0:3ffe3041, secondary cpu clock
[    1.244732] mce: CPU supports 0 MCE banks
[    1.248107] x86: Booted up 1 node, 2 CPUs
[    1.251070] smpboot: Total of 2 processors activated (7183.67 BogoMIPS)
[    1.256491] devtmpfs: initialized
[    1.262769] evm: security.selinux
[    1.265329] evm: security.SMACK64
[    1.271180] evm: security.SMACK64EXEC
[    1.273873] evm: security.SMACK64TRANSMUTE
[    1.276025] evm: security.SMACK64MMAP
[    1.278069] evm: security.ima
[    1.280568] evm: security.capability
[    1.283306] clocksource: jiffies: mask: 0xffffffff max_cycles: 0xffffffff, max_idle_ns: 7645041785100000 ns
[    1.296324] futex hash table entries: 512 (order: 3, 32768 bytes)
[    1.299753] pinctrl core: initialized pinctrl subsystem
[    1.304175] RTC time: 18:22:46, date: 03/09/21
[    1.313971] NET: Registered protocol family 16
[    1.331772] cpuidle: using governor ladder
[    1.343882] cpuidle: using governor menu
[    1.345790] PCCT header not found.
[    1.348164] ACPI: bus type PCI registered
[    1.350923] acpiphp: ACPI Hot Plug PCI Controller Driver version: 0.5
[    1.359916] PCI: Using configuration type 1 for base access
[    1.381221] ACPI: Added _OSI(Module Device)
[    1.383522] ACPI: Added _OSI(Processor Device)
[    1.388345] ACPI: Added _OSI(3.0 _SCP Extensions)
[    1.391723] ACPI: Added _OSI(Processor Aggregator Device)
[    1.396566] ACPI: Executed 1 blocks of module-level executable AML code
[    1.408760] ACPI: Interpreter enabled
[    1.411891] ACPI: (supports S0 S5)
[    1.414056] ACPI: Using IOAPIC for interrupt routing
[    1.417015] PCI: Using host bridge windows from ACPI; if necessary, use "pci=nocrs" and report a bug
[    1.432794] ACPI: PCI Root Bridge [PCI0] (domain 0000 [bus 00-ff])
[    1.446236] acpi PNP0A03:00: _OSC: OS supports [ASPM ClockPM Segments MSI]
[    1.452642] acpi PNP0A03:00: _OSC: not requesting OS control; OS requires [ExtendedConfig ASPM ClockPM MSI]
[    1.460228] acpi PNP0A03:00: fail to add MMCONFIG information, can't access extended PCI configuration space under this bridge.
[    1.469315] PCI host bridge to bus 0000:00
[    1.472247] pci_bus 0000:00: root bus resource [io  0x0000-0x0cf7 window]
[    1.475706] pci_bus 0000:00: root bus resource [io  0x0d00-0xffff window]
[    1.478515] pci_bus 0000:00: root bus resource [mem 0x000a0000-0x000bffff window]
[    1.483256] pci_bus 0000:00: root bus resource [mem 0x40000000-0xfdffffff window]
[    1.492198] pci_bus 0000:00: root bus resource [bus 00-ff]
[    1.499447] pci 0000:00:01.1: legacy IDE quirk: reg 0x10: [io  0x01f0-0x01f7]
[    1.502693] pci 0000:00:01.1: legacy IDE quirk: reg 0x14: [io  0x03f6]
[    1.506647] pci 0000:00:01.1: legacy IDE quirk: reg 0x18: [io  0x0170-0x0177]
[    1.511340] pci 0000:00:01.1: legacy IDE quirk: reg 0x1c: [io  0x0376]
[    1.615738] pci 0000:00:07.0: quirk: [io  0x4000-0x403f] claimed by PIIX4 ACPI
[    1.620310] pci 0000:00:07.0: quirk: [io  0x4100-0x410f] claimed by PIIX4 SMB
[    1.693467] ACPI: PCI Interrupt Link [LNKA] (IRQs 5 9 10 *11)
[    1.699779] ACPI: PCI Interrupt Link [LNKB] (IRQs 5 9 *10 11)
[    1.705223] ACPI: PCI Interrupt Link [LNKC] (IRQs 5 *9 10 11)
[    1.710033] ACPI: PCI Interrupt Link [LNKD] (IRQs 5 9 10 *11)
[    1.714104] ACPI: Enabled 2 GPEs in block 00 to 07
[    1.718896] vgaarb: setting as boot device: PCI:0000:00:02.0
[    1.721933] vgaarb: device added: PCI:0000:00:02.0,decodes=io+mem,owns=io+mem,locks=none
[    1.733720] vgaarb: loaded
[    1.737996] vgaarb: bridge control possible 0000:00:02.0
[    1.758543] SCSI subsystem initialized
[    1.761021] ACPI: bus type USB registered
[    1.764316] usbcore: registered new interface driver usbfs
[    1.767054] usbcore: registered new interface driver hub
[    1.771583] usbcore: registered new device driver usb
[    1.775117] PCI: Using ACPI for IRQ routing
[    1.781605] NetLabel: Initializing
[    1.784495] NetLabel:  domain hash size = 128
[    1.789698] NetLabel:  protocols = UNLABELED CIPSOv4
[    1.792520] NetLabel:  unlabeled traffic allowed by default
[    1.796803] amd_nb: Cannot enumerate AMD northbridges
[    1.800875] clocksource: Switched to clocksource kvm-clock
[    1.830336] AppArmor: AppArmor Filesystem Enabled
[    1.832289] pnp: PnP ACPI init
[    1.838164] pnp: PnP ACPI: found 3 devices
[    1.868847] clocksource: acpi_pm: mask: 0xffffff max_cycles: 0xffffff, max_idle_ns: 2085701024 ns
[    1.873671] NET: Registered protocol family 2
[    1.876485] TCP established hash table entries: 8192 (order: 4, 65536 bytes)
[    1.879041] TCP bind hash table entries: 8192 (order: 5, 131072 bytes)
[    1.884887] TCP: Hash tables configured (established 8192 bind 8192)
[    1.892989] UDP hash table entries: 512 (order: 2, 16384 bytes)
[    1.895290] UDP-Lite hash table entries: 512 (order: 2, 16384 bytes)
[    1.897820] NET: Registered protocol family 1
[    1.899374] pci 0000:00:00.0: Limiting direct PCI/PCI transfers
[    1.904750] pci 0000:00:01.0: Activating ISA DMA hang workarounds
[    1.908361] Unpacking initramfs...
[    2.566817] Freeing initrd memory: 14888K
[    2.572237] RAPL PMU detected, API unit is 2^-32 Joules, 3 fixed counters 10737418240 ms ovfl timer
[    2.577861] hw unit of domain pp0-core 2^-0 Joules
[    2.579693] hw unit of domain package 2^-0 Joules
[    2.581371] hw unit of domain pp1-gpu 2^-0 Joules
[    2.583257] clocksource: tsc: mask: 0xffffffffffffffff max_cycles: 0x19e3197b7b4, max_idle_ns: 440795269949 ns
[    2.591597] platform rtc_cmos: registered platform RTC device (no PNP device found)
[    2.595762] Scanning for low memory corruption every 60 seconds
[    2.599406] audit: initializing netlink subsys (disabled)
[    2.606952] audit: type=2000 audit(1615314173.351:1): initialized
[    2.612252] Initialise system trusted keyring
[    2.615332] HugeTLB registered 2 MB page size, pre-allocated 0 pages
[    2.624125] zbud: loaded
[    2.627504] VFS: Disk quotas dquot_6.6.0
[    2.630415] VFS: Dquot-cache hash table entries: 512 (order 0, 4096 bytes)
[    2.639181] squashfs: version 4.0 (2009/01/31) Phillip Lougher
[    2.648524] fuse init (API version 7.23)
[    2.653542] Key type big_key registered
[    2.656082] Allocating IMA MOK and blacklist keyrings.
[    2.664294] Key type asymmetric registered
[    2.666426] Asymmetric key parser 'x509' registered
[    2.672994] Block layer SCSI generic (bsg) driver version 0.4 loaded (major 249)
[    2.678204] io scheduler noop registered
[    2.680532] io scheduler deadline registered (default)
[    2.683728] io scheduler cfq registered
[    2.691297] pci_hotplug: PCI Hot Plug PCI Core version: 0.5
[    2.693798] pciehp: PCI Express Hot Plug Controller Driver version: 0.4
[    2.698401] ACPI: AC Adapter [AC] (on-line)
[    2.700805] input: Power Button as /devices/LNXSYSTM:00/LNXPWRBN:00/input/input0
[    2.713149] ACPI: Power Button [PWRF]
[    2.715353] input: Sleep Button as /devices/LNXSYSTM:00/LNXSLPBN:00/input/input1
[    2.728451] ACPI: Sleep Button [SLPF]
[    2.735512] ACPI: Battery Slot [BAT0] (battery present)
[    2.743307] GHES: HEST is not enabled!
[    2.745978] Serial: 8250/16550 driver, 32 ports, IRQ sharing enabled
[    2.772187] 00:02: ttyS0 at I/O 0x3f8 (irq = 4, base_baud = 115200) is a 16550A
[    2.777232] Linux agpgart interface v0.103
[    2.795210] loop: module loaded
[    2.798079] scsi host0: ata_piix
[    2.800407] scsi host1: ata_piix
[    2.803518] ata1: PATA max UDMA/33 cmd 0x1f0 ctl 0x3f6 bmdma 0xd000 irq 14
[    2.810759] ata2: PATA max UDMA/33 cmd 0x170 ctl 0x376 bmdma 0xd008 irq 15
[    2.814948] libphy: Fixed MDIO Bus: probed
[    2.817540] tun: Universal TUN/TAP device driver, 1.6
[    2.824804] tun: (C) 1999-2004 Max Krasnyansky <maxk@qualcomm.com>
[    2.828692] PPP generic driver version 2.4.2
[    2.831759] ehci_hcd: USB 2.0 'Enhanced' Host Controller (EHCI) Driver
[    2.835358] ehci-pci: EHCI PCI platform driver
[    2.841763] ehci-platform: EHCI generic platform driver
[    2.845894] ohci_hcd: USB 1.1 'Open' Host Controller (OHCI) Driver
[    2.848948] ohci-pci: OHCI PCI platform driver
[    2.854396] ohci-platform: OHCI generic platform driver
[    2.860035] uhci_hcd: USB Universal Host Controller Interface driver
[    2.864178] i8042: PNP: PS/2 Controller [PNP0303:PS2K,PNP0f03:PS2M] at 0x60,0x64 irq 1,12
[    2.869057] serio: i8042 KBD port at 0x60,0x64 irq 1
[    2.872841] serio: i8042 AUX port at 0x60,0x64 irq 12
[    2.877608] mousedev: PS/2 mouse device common for all mice
[    2.888816] rtc_cmos rtc_cmos: rtc core: registered rtc_cmos as rtc0
[    2.894145] rtc_cmos rtc_cmos: alarms up to one day, 114 bytes nvram
[    2.897465] i2c /dev entries driver
[    2.898877] input: AT Translated Set 2 keyboard as /devices/platform/i8042/serio0/input/input2
[    2.914808] device-mapper: uevent: version 1.0.3
[    2.918554] device-mapper: ioctl: 4.34.0-ioctl (2015-10-28) initialised: dm-devel@redhat.com
[    2.927747] ledtrig-cpu: registered to indicate activity on CPUs
[    2.932217] NET: Registered protocol family 10
[    2.937686] NET: Registered protocol family 17
[    2.945157] Key type dns_resolver registered
[    2.957436] registered taskstats version 1
[    2.960966] Loading compiled-in X.509 certificates
[    2.966443] Loaded X.509 cert 'Build time autogenerated kernel key: c0f1dd89d7e09a1955be4fde7c6f946674683c10'
[    2.993038] zswap: loaded using pool lzo/zbud
[    3.025524] Key type trusted registered
[    3.046086] Key type encrypted registered
[    3.048471] AppArmor: AppArmor sha1 policy hashing enabled
[    3.058951] ima: No TPM chip found, activating TPM-bypass!
[    3.062603] ima: Allocated hash algorithm: sha1
[    3.075448] evm: HMAC attrs: 0x1
[    3.079627]   Magic number: 13:389:392
[    3.082479] rtc_cmos rtc_cmos: setting system clock to 2021-03-09 18:22:47 UTC (1615314167)
[    3.094737] BIOS EDD facility v0.16 2004-Jun-25, 0 devices found
[    3.098551] EDD information not available.
[    3.109623] Freeing unused kernel memory: 1496K
[    3.114131] Write protecting the kernel read-only data: 14336k
[    3.119121] Freeing unused kernel memory: 1588K
[    3.125484] Freeing unused kernel memory: 52K
Loading, please wait...
starting version 229
[    3.211135] random: systemd-udevd: uninitialized urandom read (16 bytes read, 3 bits of entropy available)
[    3.226551] random: udevadm: uninitialized urandom read (16 bytes read, 3 bits of entropy available)
[    3.226610] random: udevadm: uninitialized urandom read (16 bytes read, 3 bits of entropy available)
[    3.265791] random: systemd-udevd: uninitialized urandom read (16 bytes read, 3 bits of entropy available)
[    3.278718] random: systemd-udevd: uninitialized urandom read (16 bytes read, 3 bits of entropy available)
[    3.286784] random: systemd-udevd: uninitialized urandom read (16 bytes read, 3 bits of entropy available)
[    3.297366] random: systemd-udevd: uninitialized urandom read (16 bytes read, 3 bits of entropy available)
[    3.308286] random: systemd-udevd: uninitialized urandom read (16 bytes read, 3 bits of entropy available)
[    3.313520] random: systemd-udevd: uninitialized urandom read (16 bytes read, 3 bits of entropy available)
[    3.315475] random: udevadm: uninitialized urandom read (16 bytes read, 3 bits of entropy available)
[    3.532017] e1000: Intel(R) PRO/1000 Network Driver - version 7.3.21-k8-NAPI
[    3.560584] e1000: Copyright (c) 1999-2006 Intel Corporation.
[    3.561849] Fusion MPT base driver 3.04.20
[    3.561851] Copyright (c) 1999-2008 LSI Corporation
[    3.607638] Fusion MPT SPI Host driver 3.04.20
[    3.619348] mptbase: ioc0: Initiating bringup
[    3.759921] ioc0: LSI53C1030 A0: Capabilities={Initiator}
[    3.859902] input: ImExPS/2 Generic Explorer Mouse as /devices/platform/i8042/serio1/input/input4
[    4.231212] scsi host2: ioc0: LSI53C1030 A0, FwRev=00000000h, Ports=1, MaxQ=256, IRQ=20
[    5.590096] scsi 2:0:0:0: Direct-Access     VBOX     HARDDISK         1.0  PQ: 0 ANSI: 5
[    5.595107] scsi target2:0:0: Beginning Domain Validation
[    5.607492] scsi target2:0:0: Domain Validation skipping write tests
[    5.612333] scsi target2:0:0: Ending Domain Validation
[    5.614293] scsi target2:0:0: asynchronous
[    5.616692] scsi 2:0:1:0: Direct-Access     VBOX     HARDDISK         1.0  PQ: 0 ANSI: 5
[    5.621105] scsi target2:0:1: Beginning Domain Validation
[    5.678952] scsi target2:0:1: Domain Validation skipping write tests
[    5.680996] scsi target2:0:1: Ending Domain Validation
[    5.683591] scsi target2:0:1: asynchronous
[    5.765135] sd 2:0:0:0: Attached scsi generic sg0 type 0
[    5.770409] sd 2:0:1:0: Attached scsi generic sg1 type 0
[    5.777919] sd 2:0:0:0: [sda] 83886080 512-byte logical blocks: (42.9 GB/40.0 GiB)
[    5.783036] sd 2:0:1:0: [sdb] 20480 512-byte logical blocks: (10.5 MB/10.0 MiB)
[    5.793134] sd 2:0:0:0: [sda] Write Protect is off
[    5.797178] sd 2:0:0:0: [sda] Incomplete mode parameter data
[    5.800846] sd 2:0:0:0: [sda] Assuming drive cache: write through
[    5.812118] sd 2:0:1:0: [sdb] Write Protect is off
[    5.814883] sd 2:0:1:0: [sdb] Incomplete mode parameter data
[    5.817943] sd 2:0:1:0: [sdb] Assuming drive cache: write through
[    5.828334]  sda: sda1
[    5.833340] sd 2:0:0:0: [sda] Attached SCSI disk
[    5.852499] sd 2:0:1:0: [sdb] Attached SCSI disk
[    6.189500] e1000 0000:00:03.0 eth0: (PCI:33MHz:32-bit) 02:49:cb:75:7f:af
[    6.193856] e1000 0000:00:03.0 eth0: Intel(R) PRO/1000 Network Connection
[    6.844893] e1000 0000:00:08.0 eth1: (PCI:33MHz:32-bit) 08:00:27:65:35:8d
[    6.860112] e1000 0000:00:08.0 eth1: Intel(R) PRO/1000 Network Connection
[    6.870604] e1000 0000:00:08.0 enp0s8: renamed from eth1
[    7.182648] e1000 0000:00:03.0 enp0s3: renamed from eth0
Begin: Loading essential drivers ... [    9.480345] md: linear personality registered for level -1
[    9.499070] md: multipath personality registered for level -4
[    9.514151] md: raid0 personality registered for level 0
[    9.534313] md: raid1 personality registered for level 1
[    9.626667] raid6: sse2x1   gen()  2776 MB/s
[    9.695400] raid6: sse2x1   xor()  2580 MB/s
[    9.766415] raid6: sse2x2   gen()  3820 MB/s
[    9.837539] raid6: sse2x2   xor()  3278 MB/s
[    9.908970] raid6: sse2x4   gen()  4545 MB/s
[    9.977375] raid6: sse2x4   xor()  3106 MB/s
[    9.981396] raid6: using algorithm sse2x4 gen() 4545 MB/s
[    9.983901] raid6: .... xor() 3106 MB/s, rmw enabled
[    9.987737] raid6: using ssse3x2 recovery algorithm
[    9.995257] xor: automatically using best checksumming function:
[   10.037406]    avx       :  9497.000 MB/sec
[   10.044552] async_tx: api initialized (async)
[   10.073999] md: raid6 personality registered for level 6
[   10.077002] md: raid5 personality registered for level 5
[   10.080264] md: raid4 personality registered for level 4
[   10.107360] md: raid10 personality registered for level 10
done.
Begin: Running /scripts/init-premount ... done.
Begin: Mounting root file system ... Begin: Running /scripts/local-top ... done.
Begin: Running /scripts/local-premount ... [   10.229185] Btrfs loaded
Scanning for Btrfs filesystems
done.
Warning: fsck not present, so skipping root file system
[   10.335856] EXT4-fs (sda1): mounted filesystem with ordered data mode. Opts: (null)
done.
Begin: Running /scripts/local-bottom ... done.
Begin: Running /scripts/init-bottom ... done.
[   11.053190] systemd[1]: systemd 229 running in system mode. (+PAM +AUDIT +SELINUX +IMA +APPARMOR +SMACK +SYSVINIT +UTMP +LIBCRYPTSETUP +GCRYPT +GNUTLS +ACL +XZ -LZ4 +SECCOMP +BLKID +ELFUTILS +KMOD -IDN)
[   11.062496] systemd[1]: Detected virtualization oracle.
[   11.064298] systemd[1]: Detected architecture x86-64.

Welcome to [1mUbuntu 16.04.7 LTS[0m!

[   11.094457] systemd[1]: Set hostname to <ubuntu>.
[   11.111333] systemd[1]: Initializing machine ID from random generator.
[   11.122512] systemd[1]: Installed transient /etc/machine-id file.
[   11.683966] random: nonblocking pool is initialized
[   12.175414] systemd[1]: Started Forward Password Requests to Wall Directory Watch.
[[0;32m  OK  [0m] Started Forward Password Requests to Wall Directory Watch.
[   12.193797] systemd[1]: Reached target Encrypted Volumes.
[[0;32m  OK  [0m] Reached target Encrypted Volumes.
[   12.217031] systemd[1]: Listening on Device-mapper event daemon FIFOs.
[[0;32m  OK  [0m] Listening on Device-mapper event daemon FIFOs.
[   12.241356] systemd[1]: Listening on udev Control Socket.
[[0;32m  OK  [0m] Listening on udev Control Socket.
[   12.258868] systemd[1]: Created slice System Slice.
[[0;32m  OK  [0m] Created slice System Slice.
[   12.273646] systemd[1]: Created slice system-serial\x2dgetty.slice.
[[0;32m  OK  [0m] Created slice system-serial\x2dgetty.slice.
[   12.288077] systemd[1]: Listening on Journal Audit Socket.
[[0;32m  OK  [0m] Listening on Journal Audit Socket.
[   12.305614] systemd[1]: Listening on Journal Socket (/dev/log).
[[0;32m  OK  [0m] Listening on Journal Socket (/dev/log).
[   12.314917] systemd[1]: Created slice User and Session Slice.
[[0;32m  OK  [0m] Created slice User and Session Slice.
[   12.328231] systemd[1]: Reached target Swap.
[[0;32m  OK  [0m] Reached target Swap.
[   12.338849] systemd[1]: Reached target System Time Synchronized.
[[0;32m  OK  [0m] Reached target System Time Synchronized.
[   12.373521] systemd[1]: Listening on /dev/initctl Compatibility Named Pipe.
[[0;32m  OK  [0m] Listening on /dev/initctl Compatibility Named Pipe.
[   12.404379] systemd[1]: Reached target Slices.
[[0;32m  OK  [0m] Reached target Slices.
[   12.427084] systemd[1]: Listening on udev Kernel Socket.
[[0;32m  OK  [0m] Listening on udev Kernel Socket.
[   12.450678] systemd[1]: Reached target User and Group Name Lookups.
[[0;32m  OK  [0m] Reached target User and Group Name Lookups.
[   12.470244] systemd[1]: Set up automount Arbitrary Executable File Formats File System Automount Point.
[[0;32m  OK  [0m] Set up automount Arbitrary Executab...ats File System Automount Point.
[   12.506015] systemd[1]: Listening on LVM2 metadata daemon socket.
[[0;32m  OK  [0m] Listening on LVM2 metadata daemon socket.
[   12.530930] systemd[1]: Listening on Syslog Socket.
[[0;32m  OK  [0m] Listening on Syslog Socket.
[   12.544925] systemd[1]: Listening on LVM2 poll daemon socket.
[[0;32m  OK  [0m] Listening on LVM2 poll daemon socket.
[   12.558056] systemd[1]: Started Trigger resolvconf update for networkd DNS.
[[0;32m  OK  [0m] Started Trigger resolvconf update for networkd DNS.
[   12.586268] systemd[1]: Listening on Journal Socket.
[[0;32m  OK  [0m] Listening on Journal Socket.
[   12.605651] systemd[1]: Starting Journal Service...
         Starting Journal Service...
[   12.629676] systemd[1]: Starting Remount Root and Kernel File Systems...
         Starting Remount Root and Kernel File Systems...
[   12.689124] EXT4-fs (sda1): re-mounted. Opts: (null)
[   12.721437] systemd[1]: Starting Uncomplicated firewall...
         Starting Uncomplicated firewall...
[   12.732740] systemd[1]: Starting Monitoring of LVM2 mirrors, snapshots etc. using dmeventd or progress polling...
         Starting Monitoring of LVM2 mirrors... dmeventd or progress polling...
[   12.781566] systemd[1]: Starting Create list of required static device nodes for the current kernel...
         Starting Create list of required st... nodes for the current kernel...
[   12.853619] systemd[1]: Mounting Debug File System...
         Mounting Debug File System...
[   12.923056] systemd[1]: Starting Set console keymap...
         Starting Set console keymap...
[   12.943979] systemd[1]: Mounting POSIX Message Queue File System...
         Mounting POSIX Message Queue File System...
[   13.042389] systemd[1]: Starting Load Kernel Modules...
         Starting Load Kernel Modules...
[   13.080213] systemd[1]: Mounting Huge Pages File System...
         Mounting Huge Pages File System...
[   13.106108] systemd[1]: Starting Nameserver information manager...
         Starting Nameserver information manager...
[   13.135905] Loading iSCSI transport class v2.0-870.
[   13.217422] systemd[1]: Mounted Huge Pages File System.
[   13.237194] iscsi: registered transport (tcp)
[[0;32m  OK  [0m] Mounted Huge Pages File System.
[   13.270452] systemd[1]: Mounted Debug File System.
[[0;32m  OK  [0m] Mounted Debug File System.
[   13.320757] systemd[1]: Mounted POSIX Message Queue File System.
[[0;32m  OK  [0m] Mounted POSIX Message Queue File System.
[   13.356792] systemd[1]: Started Journal Service.
[[0;32m  OK  [0m] Started Journal Service.
[[0;32m  OK  [0m] Started Remount Root and Kernel File Systems.
[[0;32m  OK  [0m] Started Uncomplicated firewall.
[[0;32m  OK  [0m] Started Create list of required sta...ce nodes for the current kernel.
[[0;32m  OK  [0m] Started Set console keymap.
[[0;32m  OK  [0m] Started LVM2 metadata daemon.
         Starting Create Static Device Nodes in /dev...
         Starting Load/Save Random Seed...
         Starting udev Coldplug all Devices...
         Starting Flush Journal to Persistent Storage...
[[0;32m  OK  [0m] Started Nameserver information manager.
[[0;32m  OK  [0m] Started Load/Save Random Seed.
[   13.946254] systemd-journald[365]: Received request to flush runtime journal from PID 1
[[0;32m  OK  [0m] Started Flush Journal to Persistent Storage.
[   14.014017] iscsi: registered transport (iser)
[[0;32m  OK  [0m] Started Load Kernel Modules.
[[0;32m  OK  [0m] Started Create Static Device Nodes in /dev.
         Starting udev Kernel Device Manager...
         Starting Apply Kernel Variables...
         Mounting FUSE Control File System...
[[0;32m  OK  [0m] Mounted FUSE Control File System.
[[0;32m  OK  [0m] Started Monitoring of LVM2 mirrors,...ng dmeventd or progress polling.
[[0;32m  OK  [0m] Reached target Local File Systems (Pre).
[[0;32m  OK  [0m] Reached target Local File Systems.
         Starting Initial cloud-init job (pre-networking)...
         Starting Set console font and keymap...
         Starting Tell Plymouth To Write Out Runtime Data...
         Starting Create Volatile Files and Directories...
         Starting Commit a transient machine-id on disk...
         Starting LSB: AppArmor initialization...
[[0;32m  OK  [0m] Started udev Coldplug all Devices.
[[0;32m  OK  [0m] Started Apply Kernel Variables.
[[0;32m  OK  [0m] Started Tell Plymouth To Write Out Runtime Data.
[[0;32m  OK  [0m] Started Commit a transient machine-id on disk.
[[0;32m  OK  [0m] Started Create Volatile Files and Directories.
         Starting Update UTMP about System Boot/Shutdown...
[[0;32m  OK  [0m] Started Update UTMP about System Boot/Shutdown.
[[0;32m  OK  [0m] Started udev Kernel Device Manager.
[[0;32m  OK  [0m] Started Dispatch Password Requests to Console Directory Watch.
[[0;32m  OK  [0m] Found device /dev/ttyS0.
[[0;32m  OK  [0m] Listening on Load/Save RF Kill Switch Status /dev/rfkill Watch.
[[0;32m  OK  [0m] Started Set console font and keymap.
[[0;32m  OK  [0m] Created slice system-getty.slice.
[[0;32m  OK  [0m] Started LSB: AppArmor initialization.
         Starting Load AppArmor profiles managed internally by snapd...
[[0;32m  OK  [0m] Started Load AppArmor profiles managed internally by snapd.
[   26.250519] cloud-init[459]: Cloud-init v. 20.4.1-0ubuntu1~16.04.1 running 'init-local' at Tue, 09 Mar 2021 18:23:08 +0000. Up 23.22 seconds.
[[0;32m  OK  [0m] Started Initial cloud-init job (pre-networking).
[[0;32m  OK  [0m] Reached target Network (Pre).
         Starting Raise network interfaces...
[[0;32m  OK  [0m] Started Raise network interfaces.
         Starting Initial cloud-init job (metadata service crawler)...
[[0;32m  OK  [0m] Reached target Network.
[   34.143529] cloud-init[950]: Cloud-init v. 20.4.1-0ubuntu1~16.04.1 running 'init' at Tue, 09 Mar 2021 18:23:16 +0000. Up 31.27 seconds.
[   34.149370] cloud-init[950]: ci-info: ++++++++++++++++++++++++++++++++++++++Net device info+++++++++++++++++++++++++++++++++++++++
[   34.173038] cloud-init[950]: ci-info: +--------+-------+----------------------------+---------------+--------+-------------------+
[   34.178082] cloud-init[950]: ci-info: | Device |   Up  |          Address           |      Mask     | Scope  |     Hw-Address    |
[   34.182909] cloud-init[950]: ci-info: +--------+-------+----------------------------+---------------+--------+-------------------+
[   34.190248] cloud-init[950]: ci-info: | enp0s3 |  True |         10.0.2.15          | 255.255.255.0 | global | 02:49:cb:75:7f:af |
[   34.196400] cloud-init[950]: ci-info: | enp0s3 |  True | fe80::49:cbff:fe75:7faf/64 |       .       |  link  | 02:49:cb:75:7f:af |
[   34.208162] cloud-init[950]: ci-info: | enp0s8 | False |             .              |       .       |   .    | 08:00:27:65:35:8d |
[   34.215805] cloud-init[950]: ci-info: |   lo   |  True |         127.0.0.1          |   255.0.0.0   |  host  |         .         |
[   34.220401] cloud-init[950]: ci-info: |   lo   |  True |          ::1/128           |       .       |  host  |         .         |
[   34.241084] cloud-init[950]: ci-info: +--------+-------+----------------------------+---------------+--------+-------------------+
[   34.250273] cloud-init[950]: ci-info: +++++++++++++++++++++++++++Route IPv4 info++++++++++++++++++++++++++++
[   34.254650] cloud-init[950]: ci-info: +-------+-------------+----------+---------------+-----------+-------+
[   34.258408] cloud-init[950]: ci-info: | Route | Destination | Gateway  |    Genmask    | Interface | Flags |
[   34.265515] cloud-init[950]: ci-info: +-------+-------------+----------+---------------+-----------+-------+
[   34.276995] cloud-init[950]: ci-info: |   0   |   0.0.0.0   | 10.0.2.2 |    0.0.0.0    |   enp0s3  |   UG  |
[   34.293016] cloud-init[950]: ci-info: |   1   |   10.0.2.0  | 0.0.0.0  | 255.255.255.0 |   enp0s3  |   U   |
[   34.300246] [[0;32m  OK  [0m] Started Initial cloud-init job (metadata service crawler).
[[0;32m  OK  [0m] Reached target Network is Online.
cloud-init[950]: ci-info: +-------+-------------+----------+---------------+-----------+-------+
[   34.307154] cloud-init[950]: ci-info: +++++++++++++++++++Route IPv6 info+++++++++++++++++++
[   34.310332] cloud-init[950]: ci-info: +-------+-------------+---------+-----------+-------+
[   34.314305] cloud-init[950]: ci-info: | Route | Destination | Gateway | Interface | Flags |         Starting iSCSI initiator daemon (iscsid)...
[[0;32m  OK  [0m] Reached target System Initialization.

[   34.321548] [[0;32m  OK  [0m] Started ACPI Events Check.
[[0;32m  OK  [0m] Reached target Paths.
[[0;32m  OK  [0m] Listening on D-Bus System Message Bus Socket.
[[0;32m  OK  [0m] Listening on UUID daemon activation socket.
         Starting Socket activation for snappy daemon.
[[0;32m  OK  [0m] Started Daily apt download activities.
[[0;32m  OK  [0m] Started Daily apt upgrade and clean activities.
[[0;32m  OK  [0m] Started Daily Cleanup of Temporary Directories.
[[0;32m  OK  [0m] Started Message of the Day.
[[0;32m  OK  [0m] Reached target Timers.
cloud-init[950]: ci-info: +-------+-------------+---------+-----------+-------+
[   34.341040] cloud-init[950]: ci-info: |   0   |  fe80::/64  |    ::   |   enp0s3  |   U   |
         Starting LXD - unix socket.
[[0;32m  OK  [0m] Listening on ACPID Listen Socket.
[[0;32m  OK  [0m] Reached target Cloud-config availability.
[[0;32m  OK  [0m] Listening on Socket activation for snappy daemon.
[   34.349073] [[0;32m  OK  [0m] Listening on LXD - unix socket.cloud-init
[950]: ci-info: |   4   |   ff00::/8  |    ::   |   enp0s3  |   U   |
[   34.374982] [[0;32m  OK  [0m] Reached target Sockets.
[[0;32m  OK  [0m] Reached target Basic System.
cloud-init[950]: ci-info: +-------+-------------+---------+-----------+-------+
[   34.385488] cloud-init[950]: Generating public/private rsa key pair.
[   34.389302] cloud-init[950]: Your identification has been saved in /etc/ssh/ssh_host_rsa_key.
[   34.391996] cloud-init[950]: Your public key has been saved in /etc/ssh/ssh_host_rsa_key.pub.
[[0;32m  OK  [0m] Started ACPI event daemon.
[   34.394725] cloud-init[950]: The key fingerprint is:
[   34.408262] [[0;32m  OK  [0m] Started FUSE filesystem for LXC.
cloud-init[950]: SHA256:smwMF6L7GccShB1EDSWbLUgcMIVAWAEm658yYd4108k root@ubuntu-xenial
[   34.416316] [[0;32m  OK  [0m] Started Regular background program processing daemon.
cloud-init[950]: [[0;32m  OK  [0m] Started D-Bus System Message Bus.
The key's randomart image is:
[   34.433957] cloud-init[950]: +---[RSA 2048]----+
[   34.437997] cloud-init[950]: |XX*=*+.          |
[   34.441266] cloud-init[950]: |=+.+ *.          |
[   34.455514] cloud-init[950]: |. o B o          |
[   34.505567] cloud-init[950]: |.  o oo..        |
[   34.539350] cloud-init[950]: | +. o+oES        |
[   34.578965] cloud-init[950]: |o +.oBoo         |
[   34.593131] cloud-init[950]: | +.+o B          |
[   34.611836] cloud-init[950]: |  o. *           |
[   34.615133] cloud-init[950]: |    o            |
[   34.621958] cloud-init[950]: +----[SHA256]-----+
[   34.637062] cloud-init[950]: Generating public/private dsa key pair.
[   34.650401] cloud-init[950]: Your identification has been saved in /etc/ssh/ssh_host_dsa_key.
[   34.668220] cloud-init[950]: Your public key has been saved in /etc/ssh/ssh_host_dsa_key.pub.
[   34.676331] cloud-init[950]: The key fingerprint is:
[   34.697065] cloud-init[950]: SHA256:YCuaMpOVUBLVoO9GgVJxY1mqdWnDaMwb4sg5thxg2I8 root@ubuntu-xenial
[   34.736923] cloud-init[950]: The key's randomart image is:
[   34.815938] cloud-init[950]: +---[DSA 1024]----+
[   34.821121] cloud-init[950]: |oo*++o.          |
[   34.830881] cloud-init[950]: |.B =o= .         |
[   34.834347] cloud-init[950]: |B.+ O O          |
[   34.862879] cloud-init[950]: |==.X * +         |
[   34.865548] cloud-init[950]: |.*E + . S        |
[   34.877686] cloud-init[950]: |o=+o .           |
[   34.880608] cloud-init[950]: |=o=              |
[   34.884149] cloud-init[950]: | =               |
[   34.887378] cloud-init[950]: |                 |
[   34.892629] cloud-init[950]: +----[SHA256]-----+
[   34.895378] cloud-init[950]: Generating public/private ecdsa key pair.
[   34.909505] cloud-init[950]: Your identification has been saved in /etc/ssh/ssh_host_ecdsa_key.
[   34.942848] cloud-init[950]: Your public key has been saved in /etc/ssh/ssh_host_ecdsa_key.pub.
[   34.943936] cloud-init[950]: The key fingerprint is:
[   34.949337] cloud-init[950]: SHA256:inuK7g/g0i8M/pB80N8jBJGy/09kq4R5ZfMbS68BGdY root@ubuntu-xenial
         Starting /etc/rc.local Compatibility...
[   34.976421] cloud-init[950]: The key's randomart image is:
[   35.006799] cloud-init[950]: +---[ECDSA 256]---+
[   35.010742] cloud-init[950]: |   ..            |
[   35.020836] cloud-init[950]: | . ..   .        |
[   35.030086] cloud-init[950]: |  o.   o E       |
[   35.040923] cloud-init[950]: | .. . . o        |
[   35.048376] cloud-init[950]: |.... . OS        |
[   35.065142] cloud-init[950]: |+oo.=.*.=        |
[   35.079937] cloud-init[950]: |oBo+o=.= =       |
[   35.081024] cloud-init[950]: |..=+oo= o *      |
[   35.081375] cloud-init[950]: | o=+=+.. +..     |
         Starting Snap Daemon...
[   35.123744] cloud-init[950]: +----[SHA256]-----+
[   35.140871] cloud-init[950]: Generating public/private ed25519 key pair.
         Starting Accounts Service...
[   35.159899] cloud-init[950]: Your identification has been saved in /etc/ssh/ssh_host_ed25519_key.
[   35.208533] cloud-init[950]: Your public key has been saved in /etc/ssh/ssh_host_ed25519_key.pub.
         Starting LXD - container startup/shutdown...
[   35.209173] cloud-init[950]: The key fingerprint is:
[   35.271824] cloud-init[950]: SHA256:roWxBuMMd2eak1eYoqNgI8duDvwSW4R48RxrA/IrSEY root@ubuntu-xenial
         Starting LSB: Record successful boot for GRUB...
[   35.310090] cloud-init[950]: The key's randomart image is:
[   35.327348] cloud-init[950]: +--[ED25519 256]--+
[   35.337550] cloud-init[950]: |                 |
[[0;32m  OK  [0m[   35.349782] cloud-init[950]: |.Eo .            |
] [   35.375778] Started Deferred execution scheduler.cloud-init
[950]: |oo.= o           |
[   35.403667] cloud-init[950]: |.+o.*    o       |
         Starting LSB: MD monitoring daemon...
[   35.478354] cloud-init[950]: |+.oo+.+ S .      |
[   35.542170] cloud-init[950]: |+o.* = % .       |
[   35.556527] cloud-init[950]: |+=* = O +        |
[   35.590340] cloud-init[950]: |oB+. o =         |
[   35.599611] cloud-init[950]: | o=.  .          |
[   35.615653] cloud-init[950]: +----[SHA256]-----+
         Starting Pollinate to seed the pseudo random number generator...
         Starting System Logging Service...
         Starting Login Service...
         Starting Virtualbox guest utils...
[[0;32m  OK  [0m] Started /etc/rc.local Compatibility.
[[0;32m  OK  [0m] Started iSCSI initiator daemon (iscsid).
         Starting Login to default iSCSI targets...
[[0;32m  OK  [0m] Started Login Service.
[[0;32m  OK  [0m] Started Unattended Upgrades Shutdown.
[[0;32m  OK  [0m] Started LSB: Record successful boot for GRUB.
[[0;32m  OK  [0m] Started LSB: MD monitoring daemon.
[[0;32m  OK  [0m] Started System Logging Service.
[[0;32m  OK  [0m] Started Login to default iSCSI targets.
[[0;32m  OK  [0m] Reached target Remote File Systems (Pre).
[[0;32m  OK  [0m] Reached target Remote File Systems.
         Starting LSB: daemon to balance interrupts for SMP systems...
         Starting Permit User Sessions...
         Starting LSB: Set the CPU Frequency Scaling governor to "ondemand"...
         Starting LSB: automatic crash report generation...
[[0;32m  OK  [0m] Started LSB: Set the CPU Frequency Scaling governor to "ondemand".
[[0;32m  OK  [0m] Started Permit User Sessions.
         Starting Hold until boot process finishes up...
         Starting Terminate Plymouth Boot Screen...
[[0;32m  OK  [0m] Started Hold until boot process finishes up.
[[0;32m  OK  [0m] Started Terminate Plymouth Boot Screen.
[[0;32m  OK  [0m] Started Getty on tty1.
[[0;32m  OK  [0m] Started Serial Getty on ttyS0.
[[0;32m  OK  [0m] Reached target Login Prompts.
         Starting Set console scheme...
[[0;32m  OK  [0m] Started LSB: daemon to balance interrupts for SMP systems.
[[0;32m  OK  [0m] Started Set console scheme.
         Starting Authenticate and Authorize Users to Run Privileged Tasks...
[[0;32m  OK  [0m] Started LSB: automatic crash report generation.
[[0;32m  OK  [0m] Started Virtualbox guest utils.
[[0;32m  OK  [0m] Started Authenticate and Authorize Users to Run Privileged Tasks.
[[0;32m  OK  [0m] Started Accounts Service.

Ubuntu 16.04.7 LTS ubuntu-xenial ttyS0

ubuntu-xenial login: [   62.367472] cloud-init[1376]: Generating locales (this might take a while)...
[   84.628695] cloud-init[1376]:   en_US.UTF-8... done
[   84.629809] cloud-init[1376]: Generation complete.
[   86.942570] cloud-init[1376]: Cloud-init v. 20.4.1-0ubuntu1~16.04.1 running 'modules:config' at Tue, 09 Mar 2021 18:23:46 +0000. Up 60.82 seconds.
ci-info: no authorized SSH keys fingerprints found for user ubuntu.
<14>Mar  9 18:24:15 ec2: 
<14>Mar  9 18:24:15 ec2: #############################################################
<14>Mar  9 18:24:15 ec2: -----BEGIN SSH HOST KEY FINGERPRINTS-----
<14>Mar  9 18:24:15 ec2: 1024 SHA256:YCuaMpOVUBLVoO9GgVJxY1mqdWnDaMwb4sg5thxg2I8 root@ubuntu-xenial (DSA)
<14>Mar  9 18:24:15 ec2: 256 SHA256:inuK7g/g0i8M/pB80N8jBJGy/09kq4R5ZfMbS68BGdY root@ubuntu-xenial (ECDSA)
<14>Mar  9 18:24:15 ec2: 256 SHA256:roWxBuMMd2eak1eYoqNgI8duDvwSW4R48RxrA/IrSEY root@ubuntu-xenial (ED25519)
<14>Mar  9 18:24:15 ec2: 2048 SHA256:smwMF6L7GccShB1EDSWbLUgcMIVAWAEm658yYd4108k root@ubuntu-xenial (RSA)
<14>Mar  9 18:24:15 ec2: -----END SSH HOST KEY FINGERPRINTS-----
<14>Mar  9 18:24:15 ec2: #############################################################
-----BEGIN SSH HOST KEY KEYS-----
ecdsa-sha2-nistp256 AAAAE2VjZHNhLXNoYTItbmlzdHAyNTYAAAAIbmlzdHAyNTYAAABBBOMRjyDrY7xL4/cU9DLwXDY4M998dpcHSrhyJUN5vXB8lRirwG1rhjOHR2BWtkTyfczl3sDDt9cFn0kMrsvKGq4= root@ubuntu-xenial
ssh-ed25519 AAAAC3NzaC1lZDI1NTE5AAAAIHw7RrDyxpCAIoT+GHk/ey1bdl3izuwi/sM6O0K0SGUe root@ubuntu-xenial
ssh-rsa AAAAB3NzaC1yc2EAAAADAQABAAABAQDPW5FtJAyymroL6vrXb7+C0g/v8/lWqx1xPFe9CQpOtF+Xa2lvtxzMuVYcMLX8wvSbenU4aKwjeen7evyx9vIBLqiX5HqO/UO0A4EnuG0f0Fmy3aptkiC6DnEOEccLy6OLXOAbdWRcjLoyUqRCqIkQzEld0qPTXpiSQeC9GKMoX236zhNTOT04P9zAEeA2gNhI8Mxrcb/jNokRu5EugAOXx972+Gd3EV64CEjaGYEw+HcVIok18AgYHYq5PMHhwv9Sv+xIS/o6aAWgAeZd/TLFOqv0b5Pi890ebi9/WQHUVF5fVXs6Q/0vzRp3LtvdTiy2YMfsgMH258XXZ7RFCDWH root@ubuntu-xenial
-----END SSH HOST KEY KEYS-----
[   90.316526] cloud-init[1541]: Cloud-init v. 20.4.1-0ubuntu1~16.04.1 running 'modules:final' at Tue, 09 Mar 2021 18:24:14 +0000. Up 89.22 seconds.
[   90.317210] cloud-init[1541]: ci-info: no authorized SSH keys fingerprints found for user ubuntu.
[   90.318866] cloud-init[1541]: Cloud-init v. 20.4.1-0ubuntu1~16.04.1 finished at Tue, 09 Mar 2021 18:24:15 +0000. Datasource DataSourceNoCloud [seed=/dev/sdb][dsmode=net].  Up 90.26 seconds
